// Jest Snapshot v1, https://goo.gl/fbAQLP

exports[`matches snapshot 1`] = `
<div
  data-testid="todo-1"
>
  <h1>
    접시 닦기
  </h1>
</div>
`;
